24.99179380231548
24.944841932941245
25.043613564854823
24.718693742219102
24.752822488126625
24.923331467923642
24.911718910326265
24.83726774656093
24.51153423751311
24.455294247878165
24.309587730756014
24.27306203720827
24.36469022631554
24.44110528241661
24.366905588353998
24.36813691002381
24.361846569031865
24.238109669549697
24.26416051731541
24.244022122737455
24.404088547610296
24.363731097701876
24.341742187249803
24.334435231495995
24.290225675663752
24.220142314420873
24.171782127373316
24.16274427629646
24.18086037385616
24.244745287019413
24.25730927465979
24.281403969601108
24.32303820363943
24.26460270835545
24.30398193568597
24.28463166537996
24.238344239105952
24.20348792576911
24.1924809704198
24.22473853609053
24.214508879268575
24.171769930411454
24.208008843573467
24.162393745865753
24.180703231534967
24.140210342098577
24.153466272811823
24.160680052902737
24.175918684048984
24.16060782882631
24.16060782882631
